WARNING: test/RAM_32x2048_delay0.v:34: $readmemh(test/hex0/r_type/addu_1.hex.txt): Not enough words in the file for the requested range [0:2048].
VCD info: dumpfile mips_cpu_bus_tb_delay0_waves.vcd opened for output.
TB : finished; active=0
